<!doctype html>
<html>
<head>
<meta charset='utf-8'>
<meta name='viewport' content='width=device-width, initial-scale=1.0, maximum-scale=1.0, user-scalable=0'>
<title>01-gfm-basics.md</title>


</head>
<body>
<article class='markdown-body'>
<h1 id="gfm-basics-test">GFM Basics Test</h1>
<h2 id="headings">Headings</h2>
<h1 id="h1-heading">H1 Heading</h1>
<h2 id="h2-heading">H2 Heading</h2>
<h3 id="h3-heading">H3 Heading</h3>
<h4 id="h4-heading">H4 Heading</h4>
<h5 id="h5-heading">H5 Heading</h5>
<h6 id="h6-heading">H6 Heading</h6>
<h2 id="paragraphs">Paragraphs</h2>
<p>This is a paragraph with <strong>bold text</strong>, <em>italic text</em>, and <code>inline code</code>.</p>
<p>This is another paragraph with <del>strikethrough text</del> and <a href="https://example.com">a link</a>.</p>
<h2 id="lists">Lists</h2>
<h3 id="unordered-list">Unordered List</h3>
<ul>
<li>Item 1</li>
<li>Item 2
<ul>
<li>Nested item 2.1</li>
<li>Nested item 2.2</li>
</ul>
</li>
<li>Item 3</li>
</ul>
<h3 id="ordered-list">Ordered List</h3>
<ol>
<li>First item</li>
<li>Second item
<ol>
<li>Nested item 2.1</li>
<li>Nested item 2.2</li>
</ol>
</li>
<li>Third item</li>
</ol>
<h2 id="code-blocks">Code Blocks</h2>
<p>Inline code: <code>const x = 42;</code></p>
<p>Fenced code block with language:</p>
<pre class='hl'><code class="language-javascript"></code></pre>
<p>Fenced code block without language:</p>
<pre class='hl'><code class="language-"></code></pre>
<p>Indented code block:</p>
<pre class='hl'><code class="language-"></code></pre>
<h2 id="blockquotes">Blockquotes</h2>
<blockquote>
<p>This is a blockquote.</p>
<p>It can span multiple lines.</p>
<blockquote>
<p>And can be nested.</p>
</blockquote>
</blockquote>
<h2 id="horizontal-rules">Horizontal Rules</h2>
<hr />
<hr />
<hr />
<h2 id="links-and-images">Links and Images</h2>
<p><a href="https://example.com">Inline link</a>
<a href="https://example.com" title="Example Title">Link with title</a></p>
<p><img src="https://example.com/image.png" alt="Alt text" />
<img src="https://example.com/image.png" alt="Image with title" title="Image Title" /></p>
<h2 id="emphasis">Emphasis</h2>
<p><em>single asterisks</em>
<em>single underscores</em>
<strong>double asterisks</strong>
<strong>double underscores</strong>
<em><strong>triple asterisks</strong></em>
<em><strong>triple underscores</strong></em></p>
<h2 id="line-breaks">Line Breaks</h2>
<p>This line ends with two spaces
And continues here with a hard break.</p>
<p>This line has no spaces
And continues here with a soft break.</p>
<div style='font-size: 72%; margin-top: 1.5em; padding-top: .5em; -webkit-user-select: none;'><hr style='height: 0; border: none; border-top: 1px solid rgba(0,0,0,.5); box-shadow: 0 1px 1px rgba(255, 255, 255, .5)'/><a href='https://github.com/sbarex/QLMarkdown'>QLMarkdown</a>.<br/>
If you like this app, <a href='https://www.buymeacoffee.com/sbarex'><strong>buy me a coffee</strong></a>!</div>
<!--

File generated with QLMarkdown [https://github.com/sbarex/QLMarkdown] - QLMarkdown

-->

</article>

</body>
</html>ERROR FOR theme themes/acid.theme
