<!doctype html>
<html>
<head>
<meta charset='utf-8'>
<meta name='viewport' content='width=device-width, initial-scale=1.0, maximum-scale=1.0, user-scalable=0'>
<title>02-gfm-tables.md</title>


</head>
<body>
<article class='markdown-body'>
<h1 id="gfm-tables-test">GFM Tables Test</h1>
<h2 id="basic-table">Basic Table</h2>
<table>
<thead>
<tr>
<th>Column 1</th>
<th>Column 2</th>
<th>Column 3</th>
</tr>
</thead>
<tbody>
<tr>
<td>Cell 1.1</td>
<td>Cell 1.2</td>
<td>Cell 1.3</td>
</tr>
<tr>
<td>Cell 2.1</td>
<td>Cell 2.2</td>
<td>Cell 2.3</td>
</tr>
</tbody>
</table>
<h2 id="table-with-alignment">Table with Alignment</h2>
<table>
<thead>
<tr>
<th align="left">Left Aligned</th>
<th align="center">Center Aligned</th>
<th align="right">Right Aligned</th>
</tr>
</thead>
<tbody>
<tr>
<td align="left">Left 1</td>
<td align="center">Center 1</td>
<td align="right">Right 1</td>
</tr>
<tr>
<td align="left">Left 2</td>
<td align="center">Center 2</td>
<td align="right">Right 2</td>
</tr>
<tr>
<td align="left">Left 3</td>
<td align="center">Center 3</td>
<td align="right">Right 3</td>
</tr>
</tbody>
</table>
<h2 id="table-with-formatting">Table with Formatting</h2>
<table>
<thead>
<tr>
<th>Feature</th>
<th>Status</th>
<th>Notes</th>
</tr>
</thead>
<tbody>
<tr>
<td><strong>Bold</strong></td>
<td><em>Italic</em></td>
<td><code>Code</code></td>
</tr>
<tr>
<td><a href="https://example.com">Link</a></td>
<td><del>Strike</del></td>
<td>Normal</td>
</tr>
</tbody>
</table>
<h2 id="table-with-pipe-characters">Table with Pipe Characters</h2>
<table>
<thead>
<tr>
<th>Column 1</th>
<th>Column 2</th>
</tr>
</thead>
<tbody>
<tr>
<td>Cell with | pipe</td>
<td>Normal cell</td>
</tr>
<tr>
<td><code>code | with pipe</code></td>
<td>Another cell</td>
</tr>
</tbody>
</table>
<h2 id="minimal-table">Minimal Table</h2>
<table>
<thead>
<tr>
<th>A</th>
<th>B</th>
</tr>
</thead>
<tbody>
<tr>
<td>1</td>
<td>2</td>
</tr>
</tbody>
</table>
<div style='font-size: 72%; margin-top: 1.5em; padding-top: .5em; -webkit-user-select: none;'><hr style='height: 0; border: none; border-top: 1px solid rgba(0,0,0,.5); box-shadow: 0 1px 1px rgba(255, 255, 255, .5)'/><a href='https://github.com/sbarex/QLMarkdown'>QLMarkdown</a>.<br/>
If you like this app, <a href='https://www.buymeacoffee.com/sbarex'><strong>buy me a coffee</strong></a>!</div>
<!--

File generated with QLMarkdown [https://github.com/sbarex/QLMarkdown] - QLMarkdown

-->

</article>

</body>
</html>ERROR FOR theme themes/acid.theme
