<!doctype html>
<html>
<head>
<meta charset='utf-8'>
<meta name='viewport' content='width=device-width, initial-scale=1.0, maximum-scale=1.0, user-scalable=0'>
<title>03-gfm-tasklists.md</title>


</head>
<body>
<article class='markdown-body'>
<h1 id="gfm-task-lists-test">GFM Task Lists Test</h1>
<h2 id="basic-task-list">Basic Task List</h2>
<ul>
<li><input type="checkbox" checked="" disabled="" /> Completed task</li>
<li><input type="checkbox" disabled="" /> Incomplete task</li>
<li><input type="checkbox" checked="" disabled="" /> Another completed task</li>
</ul>
<h2 id="task-list-with-nested-items">Task List with Nested Items</h2>
<ul>
<li><input type="checkbox" checked="" disabled="" /> Parent task
<ul>
<li><input type="checkbox" checked="" disabled="" /> Completed subtask</li>
<li><input type="checkbox" disabled="" /> Incomplete subtask</li>
</ul>
</li>
<li><input type="checkbox" disabled="" /> Another parent task
<ul>
<li><input type="checkbox" disabled="" /> Subtask 1</li>
<li><input type="checkbox" disabled="" /> Subtask 2</li>
</ul>
</li>
</ul>
<h2 id="mixed-list-with-tasks-and-regular-items">Mixed List with Tasks and Regular Items</h2>
<ol>
<li>Regular ordered item</li>
<li>Another ordered item
<ul>
<li><input type="checkbox" checked="" disabled="" /> Nested task</li>
<li><input type="checkbox" disabled="" /> Another nested task</li>
</ul>
</li>
<li>Third ordered item</li>
</ol>
<ul>
<li>Regular unordered item</li>
<li><input type="checkbox" checked="" disabled="" /> Task in unordered list</li>
<li><input type="checkbox" disabled="" /> Another task</li>
<li>Regular item again</li>
</ul>
<h2 id="task-list-with-formatting">Task List with Formatting</h2>
<ul>
<li><input type="checkbox" checked="" disabled="" /> Task with <strong>bold text</strong></li>
<li><input type="checkbox" disabled="" /> Task with <em>italic text</em></li>
<li><input type="checkbox" checked="" disabled="" /> Task with <code>inline code</code></li>
<li><input type="checkbox" disabled="" /> Task with <a href="https://example.com">link</a></li>
<li><input type="checkbox" checked="" disabled="" /> Task with <del>strikethrough</del></li>
</ul>
<div style='font-size: 72%; margin-top: 1.5em; padding-top: .5em; -webkit-user-select: none;'><hr style='height: 0; border: none; border-top: 1px solid rgba(0,0,0,.5); box-shadow: 0 1px 1px rgba(255, 255, 255, .5)'/><a href='https://github.com/sbarex/QLMarkdown'>QLMarkdown</a>.<br/>
If you like this app, <a href='https://www.buymeacoffee.com/sbarex'><strong>buy me a coffee</strong></a>!</div>
<!--

File generated with QLMarkdown [https://github.com/sbarex/QLMarkdown] - QLMarkdown

-->

</article>

</body>
</html>ERROR FOR theme themes/acid.theme
