<!doctype html>
<html>
<head>
<meta charset='utf-8'>
<meta name='viewport' content='width=device-width, initial-scale=1.0, maximum-scale=1.0, user-scalable=0'>
<title>04-gfm-autolinks.md</title>


</head>
<body>
<article class='markdown-body'>
<h1 id="gfm-autolinks-test">GFM Autolinks Test</h1>
<h2 id="url-autolinks">URL Autolinks</h2>
<p><a href="http://example.com">http://example.com</a>
<a href="https://example.com/path/to/page">https://example.com/path/to/page</a>
<a href="ftp://example.com/file.txt">ftp://example.com/file.txt</a></p>
<p><a href="http://www.example.com">www.example.com</a>
<a href="http://www.example.com/path">www.example.com/path</a></p>
<h2 id="email-autolinks">Email Autolinks</h2>
<p><a href="mailto:user@example.com">user@example.com</a>
<a href="mailto:contact@company.org">contact@company.org</a>
<a href="mailto:test.user+tag@example.co.uk">test.user+tag@example.co.uk</a></p>
<h2 id="autolinks-in-context">Autolinks in Context</h2>
<p>Visit <a href="https://example.com">https://example.com</a> for more information.
Contact us at <a href="mailto:support@example.com">support@example.com</a> for help.</p>
<p>Check out our FTP server: <a href="ftp://files.example.com">ftp://files.example.com</a></p>
<h2 id="autolinks-vs-regular-links">Autolinks vs Regular Links</h2>
<p>Regular link: <a href="https://example.com">Example</a>
Autolink: <a href="https://example.com">https://example.com</a></p>
<p>Regular email: <a href="mailto:user@example.com">Email Us</a>
Autolink email: <a href="mailto:user@example.com">user@example.com</a></p>
<div style='font-size: 72%; margin-top: 1.5em; padding-top: .5em; -webkit-user-select: none;'><hr style='height: 0; border: none; border-top: 1px solid rgba(0,0,0,.5); box-shadow: 0 1px 1px rgba(255, 255, 255, .5)'/><a href='https://github.com/sbarex/QLMarkdown'>QLMarkdown</a>.<br/>
If you like this app, <a href='https://www.buymeacoffee.com/sbarex'><strong>buy me a coffee</strong></a>!</div>
<!--

File generated with QLMarkdown [https://github.com/sbarex/QLMarkdown] - QLMarkdown

-->

</article>

</body>
</html>ERROR FOR theme themes/acid.theme
