<!doctype html>
<html>
<head>
<meta charset='utf-8'>
<meta name='viewport' content='width=device-width, initial-scale=1.0, maximum-scale=1.0, user-scalable=0'>
<title>05-gfm-strikethrough.md</title>


</head>
<body>
<article class='markdown-body'>
<h1 id="gfm-strikethrough-test">GFM Strikethrough Test</h1>
<h2 id="basic-strikethrough">Basic Strikethrough</h2>
<p>This is <del>deleted text</del> in a paragraph.</p>
<p><del>This entire paragraph is struck through.</del></p>
<h2 id="strikethrough-with-other-formatting">Strikethrough with Other Formatting</h2>
<p><del>Deleted text with <strong>bold</strong></del>
<del>Deleted text with <em>italic</em></del>
<del>Deleted text with <code>code</code></del></p>
<p><strong>Bold with <del>strikethrough</del> inside</strong>
<em>Italic with <del>strikethrough</del> inside</em></p>
<h2 id="multiple-strikethroughs">Multiple Strikethroughs</h2>
<p>This has <del>first</del> and <del>second</del> strikethroughs.</p>
<p><del>First paragraph.</del></p>
<p><del>Second paragraph.</del></p>
<h2 id="edge-cases">Edge Cases</h2>
<pre class='hl'><code class="language-Not a strikethrough (triple tildes)~~~"></code></pre>
<div style='font-size: 72%; margin-top: 1.5em; padding-top: .5em; -webkit-user-select: none;'><hr style='height: 0; border: none; border-top: 1px solid rgba(0,0,0,.5); box-shadow: 0 1px 1px rgba(255, 255, 255, .5)'/><a href='https://github.com/sbarex/QLMarkdown'>QLMarkdown</a>.<br/>
If you like this app, <a href='https://www.buymeacoffee.com/sbarex'><strong>buy me a coffee</strong></a>!</div>
<!--

File generated with QLMarkdown [https://github.com/sbarex/QLMarkdown] - QLMarkdown

-->

</article>

</body>
</html>ERROR FOR theme themes/acid.theme
