<!doctype html>
<html>
<head>
<meta charset='utf-8'>
<meta name='viewport' content='width=device-width, initial-scale=1.0, maximum-scale=1.0, user-scalable=0'>
<title>06-emoji.md</title>


</head>
<body>
<article class='markdown-body'>
<h1 id="emoji-extension-test">Emoji Extension Test</h1>
<h2 id="basic-emojis">Basic Emojis</h2>
<p>Hello 👋 World!</p>
<p>I ❤️ Markdown!</p>
<h2 id="multiple-emojis">Multiple Emojis</h2>
<p>😄 😆 😊 😃</p>
<p>❤️ 💙 💚 💛</p>
<h2 id="emojis-in-context">Emojis in Context</h2>
<p>Great work 👍 🎉</p>
<p>That’s 🔥 💯</p>
<p>Warning ⚠️ Error ❌</p>
<h2 id="emojis-in-different-contexts">Emojis in Different Contexts</h2>
<p><strong>Bold with 😄 emoji</strong>
<em>Italic with ❤️ emoji</em>
<code>Code with :code: emoji</code> (should not render)</p>
<blockquote>
<p>Blockquote with 💬 emoji</p>
</blockquote>
<ul>
<li>List item with ✅ emoji</li>
<li>Another item ➡️</li>
</ul>
<h2 id="common-programming-emojis">Common Programming Emojis</h2>
<p>🐛 Bug fix
✨ New feature
🚀 Performance improvement
🔧 Configuration
📝 Documentation
🎨 Code styling
♻️ Refactoring
🔥 Remove code</p>
<h2 id="edge-cases">Edge Cases</h2>
<p>:nonexistent_emoji_xyz123: (invalid emoji)</p>
<p>::double_colon:: (double colon)</p>
<p>:smile (no closing colon)</p>
<p>smile: (no opening colon)</p>
<p>Text😄text (no spaces)</p>
<div style='font-size: 72%; margin-top: 1.5em; padding-top: .5em; -webkit-user-select: none;'><hr style='height: 0; border: none; border-top: 1px solid rgba(0,0,0,.5); box-shadow: 0 1px 1px rgba(255, 255, 255, .5)'/><a href='https://github.com/sbarex/QLMarkdown'>QLMarkdown</a>.<br/>
If you like this app, <a href='https://www.buymeacoffee.com/sbarex'><strong>buy me a coffee</strong></a>!</div>
<!--

File generated with QLMarkdown [https://github.com/sbarex/QLMarkdown] - QLMarkdown

-->

</article>

</body>
</html>ERROR FOR theme themes/acid.theme
