<!doctype html>
<html>
<head>
<meta charset='utf-8'>
<meta name='viewport' content='width=device-width, initial-scale=1.0, maximum-scale=1.0, user-scalable=0'>
<title>08-heading-anchors.md</title>


</head>
<body>
<article class='markdown-body'>
<h1 id="heading-anchors-test">Heading Anchors Test</h1>
<h2 id="basic-headings">Basic Headings</h2>
<h1 id="main-title">Main Title</h1>
<h2 id="subtitle">Subtitle</h2>
<h3 id="section">Section</h3>
<h4 id="subsection">Subsection</h4>
<h2 id="headings-with-special-characters">Headings with Special Characters</h2>
<h2 id="hello-world">Hello World!</h2>
<h2 id="this-that">This &amp; That</h2>
<h2 id="question">Question?</h2>
<h2 id="exclamation">Exclamation!</h2>
<h2 id="parentheses-example">Parentheses (Example)</h2>
<h2 id="headings-with-formatting">Headings with Formatting</h2>
<h2 id="bold-heading"><strong>Bold Heading</strong></h2>
<h2 id="italic-heading"><em>Italic Heading</em></h2>
<h2 id="code-heading"><code>Code Heading</code></h2>
<h2 id="duplicate-headings">Duplicate Headings</h2>
<h2 id="section-one">Section One</h2>
<p>Some content.</p>
<h2 id="section-one">Section One</h2>
<p>More content with same heading.</p>
<h2 id="section-one">Section One</h2>
<p>Third instance of same heading.</p>
<h2 id="headings-with-numbers">Headings with Numbers</h2>
<h2 id="123-numbers">123 Numbers</h2>
<h2 id="version-20">Version 2.0</h2>
<h2 id="step-1-first-step">Step 1: First Step</h2>
<h2 id="100-complete">100% Complete</h2>
<h2 id="multi-word-headings">Multi-Word Headings</h2>
<h2 id="this-is-a-long-heading-with-many-words">This Is A Long Heading With Many Words</h2>
<h2 id="another-heading-with-dashes">Another-Heading-With-Dashes</h2>
<h2 id="headingwithunderscores">Heading_With_Underscores</h2>
<h2 id="mixedcaseheading">MixedCaseHeading</h2>
<h2 id="unicode-in-headings">Unicode in Headings</h2>
<h2 id="cafÃ©-">CafÃ© â˜•</h2>
<h2 id="Ã¼ber">Ãœber</h2>
<h2 id="æ—¥æœ¬èªž">æ—¥æœ¬èªž</h2>
<h2 id="Ã©moji ">Ã‰moji ðŸ˜€</h2>
<h2 id="edge-cases">Edge Cases</h2>
<h2 id=""></h2>
<p>(Empty heading - should still get ID)</p>
<p>##Multiple##Hash##Marks##</p>
<h2 id="heading-with-linkhttpsexamplecom">Heading with <a href="https://example.com">link</a></h2>
<h2 id="heading-with-inline-code-and-bold">Heading with <code>inline code</code> and <strong>bold</strong></h2>
<div style='font-size: 72%; margin-top: 1.5em; padding-top: .5em; -webkit-user-select: none;'><hr style='height: 0; border: none; border-top: 1px solid rgba(0,0,0,.5); box-shadow: 0 1px 1px rgba(255, 255, 255, .5)'/><a href='https://github.com/sbarex/QLMarkdown'>QLMarkdown</a>.<br/>
If you like this app, <a href='https://www.buymeacoffee.com/sbarex'><strong>buy me a coffee</strong></a>!</div>
<!--

File generated with QLMarkdown [https://github.com/sbarex/QLMarkdown] - QLMarkdown

-->

</article>

</body>
</html>ERROR FOR theme themes/acid.theme
