<!doctype html>
<html>
<head>
<meta charset='utf-8'>
<meta name='viewport' content='width=device-width, initial-scale=1.0, maximum-scale=1.0, user-scalable=0'>
<title>09-highlight-mark.md</title>


</head>
<body>
<article class='markdown-body'>
<h1 id="highlightmark-extension-test">Highlight/Mark Extension Test</h1>
<h2 id="basic-highlight">Basic Highlight</h2>
<p>This is ==highlighted text== in a paragraph.</p>
<p>==This entire paragraph is highlighted.==</p>
<h2 id="highlight-with-other-formatting">Highlight with Other Formatting</h2>
<p>==Highlighted text with <strong>bold</strong>==
==Highlighted text with <em>italic</em>==
==Highlighted text with <code>code</code>==</p>
<p><strong>Bold with ==highlight== inside</strong>
<em>Italic with ==highlight== inside</em></p>
<h2 id="multiple-highlights">Multiple Highlights</h2>
<p>This has ==first== and ==second== highlights.</p>
<p>==First paragraph.==</p>
<p>==Second paragraph.==</p>
<h2 id="highlight-in-lists">Highlight in Lists</h2>
<ul>
<li>Item with ==highlight==</li>
<li>==Entire item highlighted==</li>
<li>Normal item</li>
</ul>
<ol>
<li>Ordered with ==highlight==</li>
<li>==Entire ordered item==</li>
<li>Normal</li>
</ol>
<h2 id="highlight-in-blockquotes">Highlight in Blockquotes</h2>
<blockquote>
<p>This quote has ==highlighted text==</p>
<p>==This entire line is highlighted==</p>
</blockquote>
<h2 id="edge-cases">Edge Cases</h2>
<p>===Triple equals=== (should it work?)</p>
<p>=Single equals is not highlight=</p>
<p>==Highlight across
multiple lines should work==</p>
<p>==Nested ==highlight== doesnâ€™t work==</p>
<div style='font-size: 72%; margin-top: 1.5em; padding-top: .5em; -webkit-user-select: none;'><hr style='height: 0; border: none; border-top: 1px solid rgba(0,0,0,.5); box-shadow: 0 1px 1px rgba(255, 255, 255, .5)'/><a href='https://github.com/sbarex/QLMarkdown'>QLMarkdown</a>.<br/>
If you like this app, <a href='https://www.buymeacoffee.com/sbarex'><strong>buy me a coffee</strong></a>!</div>
<!--

File generated with QLMarkdown [https://github.com/sbarex/QLMarkdown] - QLMarkdown

-->

</article>

</body>
</html>ERROR FOR theme themes/acid.theme
