<!doctype html>
<html>
<head>
<meta charset='utf-8'>
<meta name='viewport' content='width=device-width, initial-scale=1.0, maximum-scale=1.0, user-scalable=0'>
<title>10-subscript-superscript.md</title>


</head>
<body>
<article class='markdown-body'>
<h1 id="subscript-and-superscript-test">Subscript and Superscript Test</h1>
<h2 id="subscript">Subscript</h2>
<p>Water formula: H<del>2</del>O</p>
<p>Chemical notation: CH<del>3</del>CH<del>2</del>OH</p>
<p>Math subscript: x<del>i</del> where i = 1, 2, 3</p>
<h2 id="superscript">Superscript</h2>
<p>Square: x^2^</p>
<p>Cube: x^3^</p>
<p>Exponent: 2^10^ = 1024</p>
<h2 id="combined-sub-and-super">Combined Sub and Super</h2>
<p>Complex: x^2^<del>i</del></p>
<p>More complex: (a<del>1</del> + b<del>2</del>)^3^</p>
<h2 id="in-context">In Context</h2>
<p><strong>Bold with x^2^ superscript</strong></p>
<p><em>Italic with H<del>2</del>O subscript</em></p>
<p><code>Code with x^2^ (should not render)</code></p>
<h2 id="multiple-instances">Multiple Instances</h2>
<p>The equation x^2^ + y^2^ = z^2^ is important.</p>
<p>Variables x<del>1</del>, x<del>2</del>, x<del>3</del> are independent.</p>
<h2 id="edge-cases">Edge Cases</h2>
<p><del>Tilde without subscript</del></p>
<p>^Caret without superscript^</p>
<p>x<del>multiword subscript</del> (spaces)</p>
<p>x^multiword superscript^ (spaces)</p>
<p>Escaped: x^2^ and H~2~O</p>
<h2 id="real-world-examples">Real World Examples</h2>
<p>Einstein: E=mc^2^</p>
<p>Water: H<del>2</del>O</p>
<p>Footnote reference: See note^1^</p>
<p>Array index: arr[i]<del>0</del></p>
<p>Temperature: 25°C = 77°F (no sub/super)</p>
<div style='font-size: 72%; margin-top: 1.5em; padding-top: .5em; -webkit-user-select: none;'><hr style='height: 0; border: none; border-top: 1px solid rgba(0,0,0,.5); box-shadow: 0 1px 1px rgba(255, 255, 255, .5)'/><a href='https://github.com/sbarex/QLMarkdown'>QLMarkdown</a>.<br/>
If you like this app, <a href='https://www.buymeacoffee.com/sbarex'><strong>buy me a coffee</strong></a>!</div>
<!--

File generated with QLMarkdown [https://github.com/sbarex/QLMarkdown] - QLMarkdown

-->

</article>

</body>
</html>ERROR FOR theme themes/acid.theme
