<!doctype html>
<html>
<head>
<meta charset='utf-8'>
<meta name='viewport' content='width=device-width, initial-scale=1.0, maximum-scale=1.0, user-scalable=0'>
<title>11-mentions.md</title>


</head>
<body>
<article class='markdown-body'>
<h1 id="mentions-extension-test">Mentions Extension Test</h1>
<h2 id="basic-mentions">Basic Mentions</h2>
<p>Hello @username!</p>
<p>Thanks @alice and @bob for your help.</p>
<h2 id="mentions-with-hyphens-and-underscores">Mentions with Hyphens and Underscores</h2>
<p>@user-name is valid
@user_name is also valid
@user-name-123 works too</p>
<h2 id="multiple-mentions">Multiple Mentions</h2>
<p>@alice, @bob, and @charlie are working on this.</p>
<p>Mentioned: @user1 @user2 @user3</p>
<h2 id="mentions-in-context">Mentions in Context</h2>
<p><strong>Bold with @username mention</strong></p>
<p><em>Italic with @username mention</em></p>
<p><code>Code with @username (should not render)</code></p>
<blockquote>
<p>Blockquote with @username mention</p>
</blockquote>
<ul>
<li>List item with @username</li>
<li>Another @mention</li>
</ul>
<h2 id="mentions-in-links">Mentions in Links</h2>
<p>See <a href="https://github.com/username">@usernameâ€™s profile</a></p>
<h2 id="edge-cases">Edge Cases</h2>
<p>Email is not a mention: <a href="mailto:user@example.com">user@example.com</a></p>
<p>@123numbers (numeric username)</p>
<p>@ (mention without username)</p>
<p>@@double (double at sign)</p>
<p>@user. (mention with punctuation)</p>
<p>@user, @user; @user: (mentions with various punctuation)</p>
<h2 id="real-world-github-style-mentions">Real World GitHub-Style Mentions</h2>
<p>Thanks @octocat for the review!</p>
<p>/cc @team-lead @reviewer</p>
<p>Fixes #123 (issue reference, not mention)</p>
<div style='font-size: 72%; margin-top: 1.5em; padding-top: .5em; -webkit-user-select: none;'><hr style='height: 0; border: none; border-top: 1px solid rgba(0,0,0,.5); box-shadow: 0 1px 1px rgba(255, 255, 255, .5)'/><a href='https://github.com/sbarex/QLMarkdown'>QLMarkdown</a>.<br/>
If you like this app, <a href='https://www.buymeacoffee.com/sbarex'><strong>buy me a coffee</strong></a>!</div>
<!--

File generated with QLMarkdown [https://github.com/sbarex/QLMarkdown] - QLMarkdown

-->

</article>

</body>
</html>ERROR FOR theme themes/acid.theme
