<!doctype html>
<html>
<head>
<meta charset='utf-8'>
<meta name='viewport' content='width=device-width, initial-scale=1.0, maximum-scale=1.0, user-scalable=0'>
<title>12-footnotes.md</title>


</head>
<body>
<article class='markdown-body'>
<h1 id="footnotes-test">Footnotes Test</h1>
<h2 id="basic-footnotes">Basic Footnotes</h2>
<p>This is a sentence with a footnote.<sup class="footnote-ref"><a href="#fn-1" id="fnref-1" data-footnote-ref>1</a></sup></p>
<p>Another sentence with a different footnote.<sup class="footnote-ref"><a href="#fn-2" id="fnref-2" data-footnote-ref>2</a></sup></p>
<h2 id="named-footnotes">Named Footnotes</h2>
<p>Here is a named footnote.<sup class="footnote-ref"><a href="#fn-note-name" id="fnref-note-name" data-footnote-ref>3</a></sup></p>
<p>And another one.<sup class="footnote-ref"><a href="#fn-my-footnote" id="fnref-my-footnote" data-footnote-ref>4</a></sup></p>
<h2 id="multiple-references">Multiple References</h2>
<p>This references footnote 1.<sup class="footnote-ref"><a href="#fn-ref" id="fnref-ref" data-footnote-ref>5</a></sup>
This also references footnote 1.<sup class="footnote-ref"><a href="#fn-ref" id="fnref-ref-2" data-footnote-ref>5</a></sup>
And this too.<sup class="footnote-ref"><a href="#fn-ref" id="fnref-ref-3" data-footnote-ref>5</a></sup></p>
<h2 id="footnotes-with-formatting">Footnotes with Formatting</h2>
<p>Footnote with formatting.<sup class="footnote-ref"><a href="#fn-fmt" id="fnref-fmt" data-footnote-ref>6</a></sup></p>
<h2 id="multi-line-footnotes">Multi-line Footnotes</h2>
<p>Here is a complex footnote.<sup class="footnote-ref"><a href="#fn-complex" id="fnref-complex" data-footnote-ref>7</a></sup></p>
<h2 id="footnotes-with-links">Footnotes with Links</h2>
<p>Reference with link.<sup class="footnote-ref"><a href="#fn-link" id="fnref-link" data-footnote-ref>8</a></sup></p>
<h2 id="footnotes-in-different-contexts">Footnotes in Different Contexts</h2>
<p><strong>Bold text with footnote<sup class="footnote-ref"><a href="#fn-b" id="fnref-b" data-footnote-ref>9</a></sup></strong></p>
<p><em>Italic text with footnote<sup class="footnote-ref"><a href="#fn-i" id="fnref-i" data-footnote-ref>10</a></sup></em></p>
<blockquote>
<p>Blockquote with footnote<sup class="footnote-ref"><a href="#fn-q" id="fnref-q" data-footnote-ref>11</a></sup></p>
</blockquote>
<h2 id="edge-cases">Edge Cases</h2>
<p>Undefined reference.[^undefined]</p>
<h2 id="mixed-numeric-and-named">Mixed Numeric and Named</h2>
<p>First numeric.<sup class="footnote-ref"><a href="#fn-1" id="fnref-1-2" data-footnote-ref>1</a></sup>
Then named.<sup class="footnote-ref"><a href="#fn-alpha" id="fnref-alpha" data-footnote-ref>12</a></sup>
Then numeric again.<sup class="footnote-ref"><a href="#fn-2" id="fnref-2-2" data-footnote-ref>2</a></sup></p>
<section class="footnotes" data-footnotes>
<ol>
<li id="fn-1">
<p>This is the first footnote. <a href="#fnref-1" class="footnote-backref" data-footnote-backref data-footnote-backref-idx="1" aria-label="Back to reference 1">↩</a> <a href="#fnref-1-2" class="footnote-backref" data-footnote-backref data-footnote-backref-idx="1-2" aria-label="Back to reference 1-2">↩<sup class="footnote-ref">2</sup></a></p>
</li>
<li id="fn-2">
<p>This is the second footnote. <a href="#fnref-2" class="footnote-backref" data-footnote-backref data-footnote-backref-idx="2" aria-label="Back to reference 2">↩</a> <a href="#fnref-2-2" class="footnote-backref" data-footnote-backref data-footnote-backref-idx="2-2" aria-label="Back to reference 2-2">↩<sup class="footnote-ref">2</sup></a></p>
</li>
<li id="fn-note-name">
<p>This is a named footnote. <a href="#fnref-note-name" class="footnote-backref" data-footnote-backref data-footnote-backref-idx="3" aria-label="Back to reference 3">↩</a></p>
</li>
<li id="fn-my-footnote">
<p>Another named footnote. <a href="#fnref-my-footnote" class="footnote-backref" data-footnote-backref data-footnote-backref-idx="4" aria-label="Back to reference 4">↩</a></p>
</li>
<li id="fn-ref">
<p>This footnote is referenced multiple times. <a href="#fnref-ref" class="footnote-backref" data-footnote-backref data-footnote-backref-idx="5" aria-label="Back to reference 5">↩</a> <a href="#fnref-ref-2" class="footnote-backref" data-footnote-backref data-footnote-backref-idx="5-2" aria-label="Back to reference 5-2">↩<sup class="footnote-ref">2</sup></a> <a href="#fnref-ref-3" class="footnote-backref" data-footnote-backref data-footnote-backref-idx="5-3" aria-label="Back to reference 5-3">↩<sup class="footnote-ref">3</sup></a></p>
</li>
<li id="fn-fmt">
<p>This footnote has <strong>bold</strong>, <em>italic</em>, and <code>code</code>. <a href="#fnref-fmt" class="footnote-backref" data-footnote-backref data-footnote-backref-idx="6" aria-label="Back to reference 6">↩</a></p>
</li>
<li id="fn-complex">
<p>This footnote spans multiple paragraphs.</p>
<p>It continues here with proper indentation.</p>
<p>And even has a third paragraph! <a href="#fnref-complex" class="footnote-backref" data-footnote-backref data-footnote-backref-idx="7" aria-label="Back to reference 7">↩</a></p>
</li>
<li id="fn-link">
<p>See <a href="https://example.com">this article</a> for more info. <a href="#fnref-link" class="footnote-backref" data-footnote-backref data-footnote-backref-idx="8" aria-label="Back to reference 8">↩</a></p>
</li>
<li id="fn-b">
<p>Footnote from bold text. <a href="#fnref-b" class="footnote-backref" data-footnote-backref data-footnote-backref-idx="9" aria-label="Back to reference 9">↩</a></p>
</li>
<li id="fn-i">
<p>Footnote from italic text. <a href="#fnref-i" class="footnote-backref" data-footnote-backref data-footnote-backref-idx="10" aria-label="Back to reference 10">↩</a></p>
</li>
<li id="fn-q">
<p>Footnote from blockquote. <a href="#fnref-q" class="footnote-backref" data-footnote-backref data-footnote-backref-idx="11" aria-label="Back to reference 11">↩</a></p>
</li>
<li id="fn-alpha">
<p>Named footnote. <a href="#fnref-alpha" class="footnote-backref" data-footnote-backref data-footnote-backref-idx="12" aria-label="Back to reference 12">↩</a></p>
</li>
</ol>
</section>
<div style='font-size: 72%; margin-top: 1.5em; padding-top: .5em; -webkit-user-select: none;'><hr style='height: 0; border: none; border-top: 1px solid rgba(0,0,0,.5); box-shadow: 0 1px 1px rgba(255, 255, 255, .5)'/><a href='https://github.com/sbarex/QLMarkdown'>QLMarkdown</a>.<br/>
If you like this app, <a href='https://www.buymeacoffee.com/sbarex'><strong>buy me a coffee</strong></a>!</div>
<!--

File generated with QLMarkdown [https://github.com/sbarex/QLMarkdown] - QLMarkdown

-->

</article>

</body>
</html>ERROR FOR theme themes/acid.theme
