<!doctype html>
<html>
<head>
<meta charset='utf-8'>
<meta name='viewport' content='width=device-width, initial-scale=1.0, maximum-scale=1.0, user-scalable=0'>
<title>13-code-highlighting.md</title>


</head>
<body>
<article class='markdown-body'>
<h1 id="code-syntax-highlighting-test">Code Syntax Highlighting Test</h1>
<h2 id="javascript">JavaScript</h2>
<pre class='hl'><code class="language-javascript"></code></pre>
<h2 id="python">Python</h2>
<pre class='hl'><code class="language-python"></code></pre>
<h2 id="swift">Swift</h2>
<pre class='hl'><code class="language-swift"></code></pre>
<h2 id="c">C</h2>
<pre class='hl'><code class="language-c"></code></pre>
<h2 id="rust">Rust</h2>
<pre class='hl'><code class="language-rust"></code></pre>
<h2 id="go">Go</h2>
<pre class='hl'><code class="language-go"></code></pre>
<h2 id="html">HTML</h2>
<pre class='hl'><code class="language-html"></code></pre>
<h2 id="css">CSS</h2>
<pre class='hl'><code class="language-css"></code></pre>
<h2 id="json">JSON</h2>
<pre class='hl'><code class="language-json"></code></pre>
<h2 id="shellbash">Shell/Bash</h2>
<pre class='hl'><code class="language-bash"></code></pre>
<h2 id="sql">SQL</h2>
<pre class='hl'><code class="language-sql"></code></pre>
<h2 id="no-language-specified">No Language Specified</h2>
<pre class='hl'><code class="language-"></code></pre>
<h2 id="unknown-language">Unknown Language</h2>
<pre class='hl'><code class="language-unknown-language-xyz"></code></pre>
<div style='font-size: 72%; margin-top: 1.5em; padding-top: .5em; -webkit-user-select: none;'><hr style='height: 0; border: none; border-top: 1px solid rgba(0,0,0,.5); box-shadow: 0 1px 1px rgba(255, 255, 255, .5)'/><a href='https://github.com/sbarex/QLMarkdown'>QLMarkdown</a>.<br/>
If you like this app, <a href='https://www.buymeacoffee.com/sbarex'><strong>buy me a coffee</strong></a>!</div>
<!--

File generated with QLMarkdown [https://github.com/sbarex/QLMarkdown] - QLMarkdown

-->

</article>

</body>
</html>ERROR FOR theme themes/acid.theme
